src/components/ui/core/DecryptedText.tsx(183,26): error TS2345: Argument of type '(prevRevealed: Set<number>) => Set<number> | undefined' is not assignable to parameter of type 'SetStateAction<Set<number>>'.
  Type '(prevRevealed: Set<number>) => Set<number> | undefined' is not assignable to type '(prevState: Set<number>) => Set<number>'.
    Type 'Set<number> | undefined' is not assignable to type 'Set<number>'.
      Type 'undefined' is not assignable to type 'Set<number>'.
src/components/ui/effects/TextPressure.tsx(243,13): error TS2322: Type '(el: HTMLSpanElement | null) => HTMLSpanElement | null' is not assignable to type 'Ref<HTMLSpanElement> | undefined'.
  Type '(el: HTMLSpanElement | null) => HTMLSpanElement | null' is not assignable to type '(instance: HTMLSpanElement | null) => void | (() => VoidOrUndefinedOnly)'.
    Type 'HTMLSpanElement | null' is not assignable to type 'void | (() => VoidOrUndefinedOnly)'.
      Type 'null' is not assignable to type 'void | (() => VoidOrUndefinedOnly)'.
src/features/chat/hooks/useChat.ts(121,23): error TS7034: Variable 'decryptedData' implicitly has type 'any[]' in some locations where its type cannot be determined.
src/features/chat/hooks/useChat.ts(139,17): error TS7005: Variable 'decryptedData' implicitly has an 'any[]' type.
src/features/chat/hooks/useChat.ts(141,50): error TS7005: Variable 'decryptedData' implicitly has an 'any[]' type.
src/features/landing/components/HeroSection.tsx(7,23): error TS7016: Could not find a declaration file for module '@/components/ui/effects/SplitText'. 'C:/Users/User/OneDrive/Desktop/skill-swap-website-inte/src/components/ui/effects/SplitText.jsx' implicitly has an 'any' type.
src/pages/videochat/core/useVideoSession.ts(989,5): error TS2353: Object literal may only specify known properties, and 'handleVolumeChange' does not exist in type 'UseVideoSessionReturn'.
src/pages/videochat/hooks/useVideoPageState.ts(267,5): error TS2339: Property 'handleVolumeChange' does not exist on type 'UseVideoChatReturn'.
src/pages/videochat/VideoChatPage.tsx(36,15): error TS2339: Property 'roomName' does not exist on type 'VideoChatPageProps'.
src/pages/videochat/VideoChatPage.tsx(37,27): error TS2339: Property 'roomName' does not exist on type 'VideoChatPageProps'.
src/pages/videochat/VideoChatPage.tsx(39,13): error TS2339: Property 'roomName' does not exist on type 'VideoChatPageProps'.
src/pages/videochat/VideoChatPage.tsx(60,14): error TS2551: Property 'setIsStreaming' does not exist on type 'UseVideoPageAIAgentReturn'. Did you mean 'isStreaming'?
src/pages/videochat/VideoChatPage.tsx(86,14): error TS2551: Property 'setIsStreaming' does not exist on type 'UseVideoPageAIAgentReturn'. Did you mean 'isStreaming'?
