[36mvite v7.2.4 [32mbuilding client environment for production...[36m[39m
transforming...
[32mΓ£ô[39m 3182 modules transformed.
rendering chunks...
computing gzip size...
[2mdist/[22m[32mindex.html                         [39m[1m[2m    1.04 kB[22m[1m[22m[2m Γöé gzip:   0.58 kB[22m
[2mdist/[22m[32massets/avatar.worker-wPA7bir4.js   [39m[1m[2m  126.15 kB[22m[1m[22m
[2mdist/[22m[35massets/VideoChatPage-Bp_PjWN5.css  [39m[1m[2m    4.04 kB[22m[1m[22m[2m Γöé gzip:   1.17 kB[22m
[2mdist/[22m[35massets/LandingPage-CS0oFYvk.css    [39m[1m[2m    5.88 kB[22m[1m[22m[2m Γöé gzip:   1.66 kB[22m
[2mdist/[22m[35massets/index-CwJZo2Wp.css          [39m[1m[2m  110.91 kB[22m[1m[22m[2m Γöé gzip:  15.62 kB[22m
[2mdist/[22m[36massets/check-D-DDIG8I.js           [39m[1m[2m    0.12 kB[22m[1m[22m[2m Γöé gzip:   0.14 kB[22m
[2mdist/[22m[36massets/x-BtREXh56.js               [39m[1m[2m    0.16 kB[22m[1m[22m[2m Γöé gzip:   0.15 kB[22m
[2mdist/[22m[36massets/search-DcwKgSVd.js          [39m[1m[2m    0.29 kB[22m[1m[22m[2m Γöé gzip:   0.23 kB[22m
[2mdist/[22m[36massets/video-B6EU2UEE.js           [39m[1m[2m    0.33 kB[22m[1m[22m[2m Γöé gzip:   0.26 kB[22m
[2mdist/[22m[36massets/users-YIKWg7v3.js           [39m[1m[2m    0.67 kB[22m[1m[22m[2m Γöé gzip:   0.34 kB[22m
[2mdist/[22m[36massets/SettingsPage-Begdedus.js    [39m[1m[2m    3.74 kB[22m[1m[22m[2m Γöé gzip:   1.22 kB[22m
[2mdist/[22m[36massets/ProfilePage-ghj7lYCI.js     [39m[1m[2m   19.15 kB[22m[1m[22m[2m Γöé gzip:   6.25 kB[22m
[2mdist/[22m[36massets/index-DBcmX5Hs.js           [39m[1m[2m   22.45 kB[22m[1m[22m[2m Γöé gzip:   6.86 kB[22m
[2mdist/[22m[36massets/index-BjJEk2nJ.js           [39m[1m[2m   62.94 kB[22m[1m[22m[2m Γöé gzip:  14.87 kB[22m
[2mdist/[22m[36massets/LandingPage-DHwxOFZo.js     [39m[1m[2m  215.94 kB[22m[1m[22m[2m Γöé gzip:  61.90 kB[22m
[2mdist/[22m[36massets/MessagesPage-CvT0azZ0.js    [39m[1m[2m  334.31 kB[22m[1m[22m[2m Γöé gzip:  82.78 kB[22m
[2mdist/[22m[36massets/index-rrK6G-_B.js           [39m[1m[33m  620.79 kB[39m[22m[2m Γöé gzip: 188.81 kB[22m
[2mdist/[22m[36massets/VideoChatPage-CzrxOCRS.js   [39m[1m[33m2,092.24 kB[39m[22m[2m Γöé gzip: 571.13 kB[22m
[32mΓ£ô built in 1m 39s[39m
